// Jest Snapshot v1, https://goo.gl/fbAQLP

exports[`as-layer-selector Rendering should render properly 1`] = `"<as-layer-selector class=\\"hydrated\\"><!----><div class=\\"as-layer-selector--wrapper\\"><as-layer-selector-slot class=\\"hydrated\\"><!----><div class=\\"as-layer-selector-slot--wrapper\\"><div class=\\"as-checkbox\\"><input class=\\"as-checkbox-input\\" type=\\"checkbox\\" id=\\"checkbox-0\\" name=\\"layer-cartodb-1\\" value=\\"layer-cartodb-1\\"><span class=\\"as-checkbox-decoration\\"><svg class=\\"as-checkbox-media\\"><polyline class=\\"as-checkbox-check\\" points=\\"1.65093994 3.80255127 4.48919678 6.97192383 10.3794556 0.717346191\\"></polyline></svg></span><label class=\\"as-caption\\" for=\\"checkbox-0\\">Test Layer 1</label></div><div class=\\"as-checkbox-layer-slot as-checkbox-layer-slot--visible\\"></div></div></as-layer-selector-slot><as-layer-selector-slot class=\\"hydrated\\"><!----><div class=\\"as-layer-selector-slot--wrapper\\"><div class=\\"as-checkbox\\"><input class=\\"as-checkbox-input\\" type=\\"checkbox\\" id=\\"checkbox-1\\" name=\\"layer-cartodb-2\\" value=\\"layer-cartodb-2\\"><span class=\\"as-checkbox-decoration\\"><svg class=\\"as-checkbox-media\\"><polyline class=\\"as-checkbox-check\\" points=\\"1.65093994 3.80255127 4.48919678 6.97192383 10.3794556 0.717346191\\"></polyline></svg></span><label class=\\"as-caption\\" for=\\"checkbox-1\\">Test Layer 2</label></div><div class=\\"as-checkbox-layer-slot as-checkbox-layer-slot--visible\\"></div></div></as-layer-selector-slot><as-layer-selector-slot class=\\"hydrated\\"><!----><div class=\\"as-layer-selector-slot--wrapper\\"><div class=\\"as-checkbox\\"><input class=\\"as-checkbox-input\\" type=\\"checkbox\\" id=\\"checkbox-2\\" name=\\"layer-cartodb-3\\" value=\\"layer-cartodb-3\\"><span class=\\"as-checkbox-decoration\\"><svg class=\\"as-checkbox-media\\"><polyline class=\\"as-checkbox-check\\" points=\\"1.65093994 3.80255127 4.48919678 6.97192383 10.3794556 0.717346191\\"></polyline></svg></span><label class=\\"as-caption\\" for=\\"checkbox-2\\">Test Layer 3</label></div><div class=\\"as-checkbox-layer-slot as-checkbox-layer-slot--visible\\"></div></div></as-layer-selector-slot><as-layer-selector-slot class=\\"hydrated\\"><!----><div class=\\"as-layer-selector-slot--wrapper\\"><div class=\\"as-checkbox\\"><input class=\\"as-checkbox-input\\" type=\\"checkbox\\" id=\\"checkbox-3\\" name=\\"layer-cartodb-4\\" value=\\"layer-cartodb-4\\"><span class=\\"as-checkbox-decoration\\"><svg class=\\"as-checkbox-media\\"><polyline class=\\"as-checkbox-check\\" points=\\"1.65093994 3.80255127 4.48919678 6.97192383 10.3794556 0.717346191\\"></polyline></svg></span><label class=\\"as-caption\\" for=\\"checkbox-3\\">Test Layer 4</label></div><div class=\\"as-checkbox-layer-slot as-checkbox-layer-slot--visible\\"></div></div></as-layer-selector-slot></div></as-layer-selector>"`;
